// Jest Snapshot v1, https://goo.gl/fbAQLP

exports[`Question will match the question snapshot. 1`] = `
Object {
  "asFragment": [Function],
  "baseElement": <body>
    <div>
      <div
        class="container question-layout-container positive-top-margin"
      >
        <h3>
          Poll by 
          sarahedo
        </h3>
        <div
          class="profile-avatar"
          style="background-image: url(DefaultAvatar.png); height: 120px; width: 120px;"
        />
        <h2>
          Would You Rather...
        </h2>
        <div
          class="container-row-start"
        >
          <div
            class="container-column question-option-container green-bold-outline"
            data-testid="answered-option"
          >
            <span
              class="question-option"
            >
              Build our new application with Javascript
            </span>
            <span
              class="question-answer-percentage"
            >
              Voting: 
              100
              % (
              2
               out of 
              2
              )
            </span>
            <span
              class="green-background"
            >
              "Your vote"
            </span>
          </div>
          <div
            class="container-column question-option-container "
            data-testid="answered-option"
          >
            <span
              class="question-option"
            >
              Build our new application with Typescript
            </span>
            <span
              class="question-answer-percentage"
            >
              Voting: 
              0
              % (
              0
               out of 
              2
              )
            </span>
          </div>
        </div>
      </div>
    </div>
  </body>,
  "container": <div>
    <div
      class="container question-layout-container positive-top-margin"
    >
      <h3>
        Poll by 
        sarahedo
      </h3>
      <div
        class="profile-avatar"
        style="background-image: url(DefaultAvatar.png); height: 120px; width: 120px;"
      />
      <h2>
        Would You Rather...
      </h2>
      <div
        class="container-row-start"
      >
        <div
          class="container-column question-option-container green-bold-outline"
          data-testid="answered-option"
        >
          <span
            class="question-option"
          >
            Build our new application with Javascript
          </span>
          <span
            class="question-answer-percentage"
          >
            Voting: 
            100
            % (
            2
             out of 
            2
            )
          </span>
          <span
            class="green-background"
          >
            "Your vote"
          </span>
        </div>
        <div
          class="container-column question-option-container "
          data-testid="answered-option"
        >
          <span
            class="question-option"
          >
            Build our new application with Typescript
          </span>
          <span
            class="question-answer-percentage"
          >
            Voting: 
            0
            % (
            0
             out of 
            2
            )
          </span>
        </div>
      </div>
    </div>
  </div>,
  "debug": [Function],
  "findAllByAltText": [Function],
  "findAllByDisplayValue": [Function],
  "findAllByLabelText": [Function],
  "findAllByPlaceholderText": [Function],
  "findAllByRole": [Function],
  "findAllByTestId": [Function],
  "findAllByText": [Function],
  "findAllByTitle": [Function],
  "findByAltText": [Function],
  "findByDisplayValue": [Function],
  "findByLabelText": [Function],
  "findByPlaceholderText": [Function],
  "findByRole": [Function],
  "findByTestId": [Function],
  "findByText": [Function],
  "findByTitle": [Function],
  "getAllByAltText": [Function],
  "getAllByDisplayValue": [Function],
  "getAllByLabelText": [Function],
  "getAllByPlaceholderText": [Function],
  "getAllByRole": [Function],
  "getAllByTestId": [Function],
  "getAllByText": [Function],
  "getAllByTitle": [Function],
  "getByAltText": [Function],
  "getByDisplayValue": [Function],
  "getByLabelText": [Function],
  "getByPlaceholderText": [Function],
  "getByRole": [Function],
  "getByTestId": [Function],
  "getByText": [Function],
  "getByTitle": [Function],
  "queryAllByAltText": [Function],
  "queryAllByDisplayValue": [Function],
  "queryAllByLabelText": [Function],
  "queryAllByPlaceholderText": [Function],
  "queryAllByRole": [Function],
  "queryAllByTestId": [Function],
  "queryAllByText": [Function],
  "queryAllByTitle": [Function],
  "queryByAltText": [Function],
  "queryByDisplayValue": [Function],
  "queryByLabelText": [Function],
  "queryByPlaceholderText": [Function],
  "queryByRole": [Function],
  "queryByTestId": [Function],
  "queryByText": [Function],
  "queryByTitle": [Function],
  "rerender": [Function],
  "unmount": [Function],
}
`;
